

jonathanmarsh@Jonathans-MacBook-Air flo % cat ios/App/App/public/index.html
<!DOCTYPE html>
<html lang="en">
  <head>
    <meta charset="UTF-8" />
    <meta name="viewport" content="width=device-width, initial-scale=1.0, maximum-scale=1, user-scalable=no" />
    <meta name="apple-mobile-web-app-capable" content="yes" />
    <meta name="apple-mobile-web-app-status-bar-style" content="default" />
    <meta name="theme-color" content="#007AFF" />
    <title>Fl≈ç - Track. Improve. Evolve.</title>
    <meta name="description" content="Upload your blood work, get AI-powered insights, track your biological age, and monitor your health over time." />
    <link rel="icon" type="image/png" href="/favicon.png" />
    <script type="module" crossorigin src="/assets/index-D_akRLxN.js"></script>
    <link rel="stylesheet" crossorigin href="/assets/index-CZM7o3og.css">
  </head>
  <body>
    <div id="root"></div>
  </body>
</html>
jonathanmarsh@Jonathans-MacBook-Air flo % ls -la ios/App/App/public/assets/index-D_akRLxN.js
-rw-r--r--  1 jonathanmarsh  staff  739243 14 Nov 10:23 ios/App/App/public/assets/index-D_akRLxN.js
jonathanmarsh@Jonathans-MacBook-Air flo % ls -la dist/public/assets/index-*.js
-rw-r--r--  1 jonathanmarsh  staff  739243 14 Nov 10:23 dist/public/assets/index-D_akRLxN.js
jonathanmarsh@Jonathans-MacBook-Air flo % diff dist/public/index.html
usage: diff [-aBbdilpTtw] [-c | -e | -f | -n | -q | -u] [--ignore-case]
            [--no-ignore-case] [--normal] [--strip-trailing-cr] [--tabsize]
            [-I pattern] [-F pattern] [-L label] file1 file2
       diff [-aBbdilpTtw] [-I pattern] [-L label] [--ignore-case]
            [--no-ignore-case] [--normal] [--strip-trailing-cr] [--tabsize]
            [-F pattern] -C number file1 file2
       diff [-aBbdiltw] [-I pattern] [--ignore-case] [--no-ignore-case]
            [--normal] [--strip-trailing-cr] [--tabsize] -D string file1 file2
       diff [-aBbdilpTtw] [-I pattern] [-L label] [--ignore-case]
            [--no-ignore-case] [--normal] [--tabsize] [--strip-trailing-cr]
            [-F pattern] -U number file1 file2
       diff [-aBbdilNPprsTtw] [-c | -e | -f | -n | -q | -u] [--ignore-case]
            [--no-ignore-case] [--normal] [--tabsize] [-I pattern] [-L label]
            [-F pattern] [-S name] [-X file] [-x pattern] dir1 dir2
       diff [-aBbditwW] [--expand-tabs] [--ignore-all-blanks]
            [--ignore-blank-lines] [--ignore-case] [--minimal]
            [--no-ignore-file-name-case] [--strip-trailing-cr]
            [--suppress-common-lines] [--tabsize] [--text] [--width]
            -y | --side-by-side file1 file2
       diff [--help] [--version]
jonathanmarsh@Jonathans-MacBook-Air flo % ios/App/App/public/index.html
zsh: permission denied: ios/App/App/public/index.html
jonathanmarsh@Jonathans-MacBook-Air flo % 
